../Drivers/BSP/MODBUS-LIB/Modbus.c:106:6:RingAdd	16	static
../Drivers/BSP/MODBUS-LIB/Modbus.c:125:9:RingGetAllBytes	16	static
../Drivers/BSP/MODBUS-LIB/Modbus.c:131:9:RingGetNBytes	32	static
../Drivers/BSP/MODBUS-LIB/Modbus.c:149:9:RingCountBytes	16	static
../Drivers/BSP/MODBUS-LIB/Modbus.c:154:6:RingClear	16	static
../Drivers/BSP/MODBUS-LIB/Modbus.c:187:6:ModbusInit	24	static
../Drivers/BSP/MODBUS-LIB/Modbus.c:305:6:ModbusStart	16	static
../Drivers/BSP/MODBUS-LIB/Modbus.c:431:6:vTimerCallbackT35	32	static
../Drivers/BSP/MODBUS-LIB/Modbus.c:450:6:vTimerCallbackTimeout	24	static
../Drivers/BSP/MODBUS-LIB/Modbus.c:614:6:StartTaskModbusSlave	24	static
../Drivers/BSP/MODBUS-LIB/Modbus.c:770:6:ModbusQuery	24	static,ignoring_inline_asm
../Drivers/BSP/MODBUS-LIB/Modbus.c:793:10:ModbusQueryV2	16	static
../Drivers/BSP/MODBUS-LIB/Modbus.c:813:6:ModbusQueryInject	16	static
../Drivers/BSP/MODBUS-LIB/Modbus.c:862:8:SendQuery	24	static
../Drivers/BSP/MODBUS-LIB/Modbus.c:1072:6:StartTaskModbusMaster	56	static
../Drivers/BSP/MODBUS-LIB/Modbus.c:1226:6:get_FC1	32	static
../Drivers/BSP/MODBUS-LIB/Modbus.c:1251:6:get_FC3	32	static
../Drivers/BSP/MODBUS-LIB/Modbus.c:1272:9:validateAnswer	24	static
../Drivers/BSP/MODBUS-LIB/Modbus.c:1327:9:getRxBuffer	24	static
../Drivers/BSP/MODBUS-LIB/Modbus.c:1368:9:validateRequest	24	static
../Drivers/BSP/MODBUS-LIB/Modbus.c:1473:10:word	24	static
../Drivers/BSP/MODBUS-LIB/Modbus.c:1491:10:calcCRC	32	static
../Drivers/BSP/MODBUS-LIB/Modbus.c:1524:6:buildException	24	static
../Drivers/BSP/MODBUS-LIB/Modbus.c:1550:13:sendTxBuffer	40	static
../Drivers/BSP/MODBUS-LIB/Modbus.c:1719:8:process_FC1	32	static
../Drivers/BSP/MODBUS-LIB/Modbus.c:1775:8:process_FC3	24	static
../Drivers/BSP/MODBUS-LIB/Modbus.c:1807:8:process_FC5	24	static
../Drivers/BSP/MODBUS-LIB/Modbus.c:1841:8:process_FC6	24	static
../Drivers/BSP/MODBUS-LIB/Modbus.c:1867:8:process_FC15	32	static
../Drivers/BSP/MODBUS-LIB/Modbus.c:1924:8:process_FC16	32	static
