../Core/Src/main.cpp:71:13:void MPU_Config()	24	static
../Core/Src/main.cpp:124:13:void CPU_CACHE_Enable()	24	static,ignoring_inline_asm
../Core/Src/main.cpp:133:6:void LED_Blink(uint32_t)	16	static
../Core/Src/main.cpp:154:6:void init_file()	8	static
/home/river/st_ws/huiyang_motor_testing/Drivers/BSP/MODBUS-LIB/ModbusAbsoluteEncoder.h:16:10:bool ModbusAbsoluteEncoder::isInitialized() const	16	static
../Core/Src/main.cpp:189:6:void angleUpdateCallback(uint32_t)	16	static
../Core/Src/main.cpp:195:6:void StartDefaultTask(void*)	64	static
../Core/Src/main.cpp:280:5:int main()	8	static
../Core/Src/main.cpp:370:6:void SystemClock_Config()	120	static
../Core/Src/main.cpp:428:6:void PeriphCommonClock_Config()	200	static
../Core/Src/main.cpp:457:13:void MX_SDMMC1_SD_Init()	4	static
../Core/Src/main.cpp:484:13:void MX_TIM3_Init()	48	static
../Core/Src/main.cpp:532:13:void MX_USART2_UART_Init()	8	static
../Core/Src/main.cpp:580:13:void MX_USART3_UART_Init()	8	static
../Core/Src/main.cpp:628:13:void MX_GPIO_Init()	48	static
../Core/Src/main.cpp:693:6:void HAL_TIM_PeriodElapsedCallback(TIM_HandleTypeDef*)	16	static
../Core/Src/main.cpp:710:6:void Error_Handler()	8	static
../Core/Src/main.cpp:719:1:void __static_initialization_and_destruction_0()	8	static
/home/river/st_ws/huiyang_motor_testing/Drivers/BSP/MODBUS-LIB/ModbusAbsoluteEncoder.h:12:13:ModbusAbsoluteEncoder::~ModbusAbsoluteEncoder()	16	static
/home/river/st_ws/huiyang_motor_testing/Drivers/BSP/MODBUS-LIB/ModbusAbsoluteEncoder.h:12:13:virtual ModbusAbsoluteEncoder::~ModbusAbsoluteEncoder()	16	static
/home/river/st_ws/huiyang_motor_testing/Drivers/BSP/MODBUS-LIB/Encoder485.h:15:7:Encoder485::~Encoder485()	16	static
/home/river/st_ws/huiyang_motor_testing/Drivers/BSP/MODBUS-LIB/Encoder485.h:15:7:virtual Encoder485::~Encoder485()	16	static
../Core/Src/main.cpp:719:1:void __static_initialization_and_destruction_1()	8	static
../Core/Src/main.cpp:719:1:cpp)	8	static
../Core/Src/main.cpp:719:1:cpp)	8	static
