../Core/Src/main.cpp:84:13:void MPU_Config()	24	static
../Core/Src/main.cpp:137:13:void CPU_CACHE_Enable()	24	static,ignoring_inline_asm
../Core/Src/main.cpp:159:6:void init_file()	8	static
/home/river/st_ws/huiyang_motor_testing/Drivers/BSP/MODBUS-LIB/ModbusAbsoluteEncoder.h:16:10:bool ModbusAbsoluteEncoder::isInitialized() const	16	static
../Core/Src/main.cpp:194:6:void angleUpdateCallback(uint32_t)	16	static
../Core/Src/main.cpp:211:13:void init_key()	32	static
../Core/Src/main.cpp:222:13:void scan_key()	8	static
../Core/Src/main.cpp:247:6:void StartDefaultTask(void*)	64	static
../Core/Src/main.cpp:335:5:int main()	8	static
../Core/Src/main.cpp:427:6:void SystemClock_Config()	120	static
../Core/Src/main.cpp:485:6:void PeriphCommonClock_Config()	200	static
../Core/Src/main.cpp:514:13:void MX_SDMMC1_SD_Init()	4	static
../Core/Src/main.cpp:541:13:void MX_TIM3_Init()	48	static
../Core/Src/main.cpp:589:13:void MX_USART2_UART_Init()	8	static
../Core/Src/main.cpp:637:13:void MX_USART3_UART_Init()	8	static
../Core/Src/main.cpp:685:13:void MX_GPIO_Init()	48	static
../Core/Src/main.cpp:732:6:void StartKeyTask(void*)	16	static
../Core/Src/main.cpp:771:6:void HAL_TIM_PeriodElapsedCallback(TIM_HandleTypeDef*)	16	static
../Core/Src/main.cpp:788:6:void Error_Handler()	4	static
../Core/Src/main.cpp:796:1:void __static_initialization_and_destruction_0()	8	static
/home/river/st_ws/huiyang_motor_testing/Drivers/BSP/MODBUS-LIB/ModbusAbsoluteEncoder.h:12:13:ModbusAbsoluteEncoder::~ModbusAbsoluteEncoder()	16	static
/home/river/st_ws/huiyang_motor_testing/Drivers/BSP/MODBUS-LIB/ModbusAbsoluteEncoder.h:12:13:virtual ModbusAbsoluteEncoder::~ModbusAbsoluteEncoder()	16	static
/home/river/st_ws/huiyang_motor_testing/Drivers/BSP/MODBUS-LIB/Encoder485.h:15:7:Encoder485::~Encoder485()	16	static
/home/river/st_ws/huiyang_motor_testing/Drivers/BSP/MODBUS-LIB/Encoder485.h:15:7:virtual Encoder485::~Encoder485()	16	static
../Core/Src/main.cpp:796:1:void __static_initialization_and_destruction_1()	8	static
../Core/Src/main.cpp:796:1:cpp)	8	static
../Core/Src/main.cpp:796:1:cpp)	8	static
