/home/river/st_ws/huiyang_motor_testing/Drivers/BSP/MODBUS-LIB/ModbusAbsoluteEncoder.h:16:10:bool ModbusAbsoluteEncoder::isInitialized() const	16	static
../Core/Src/main.cpp:87:13:void MPU_Config()	24	static
../Core/Src/main.cpp:140:13:void CPU_CACHE_Enable()	24	static,ignoring_inline_asm
../Core/Src/main.cpp:149:6:void LED_Blink(uint32_t)	16	static
../Core/Src/main.cpp:167:6:void bsp_sd_init()	72	static
../Core/Src/main.cpp:230:6:void bsp_sd_write_testing()	48	static
../Core/Src/main.cpp:268:6:void angleUpdateCallback(uint32_t)	16	static
../Core/Src/main.cpp:293:6:void StartDefaultTask(void*)	24	static
../Core/Src/main.cpp:325:5:int main()	8	static
../Core/Src/main.cpp:416:6:void SystemClock_Config()	120	static
../Core/Src/main.cpp:474:6:void PeriphCommonClock_Config()	200	static
../Core/Src/main.cpp:503:13:void MX_SDMMC1_SD_Init()	4	static
../Core/Src/main.cpp:530:13:void MX_TIM3_Init()	48	static
../Core/Src/main.cpp:578:13:void MX_USART2_UART_Init()	8	static
../Core/Src/main.cpp:626:13:void MX_USART3_UART_Init()	8	static
../Core/Src/main.cpp:674:13:void MX_GPIO_Init()	48	static
../Core/Src/main.cpp:721:6:void HAL_TIM_PeriodElapsedCallback(TIM_HandleTypeDef*)	16	static
../Core/Src/main.cpp:738:6:void Error_Handler()	4	static,ignoring_inline_asm
../Core/Src/main.cpp:747:1:void __static_initialization_and_destruction_0()	8	static
/home/river/st_ws/huiyang_motor_testing/Drivers/BSP/MODBUS-LIB/ModbusAbsoluteEncoder.h:12:13:ModbusAbsoluteEncoder::~ModbusAbsoluteEncoder()	16	static
/home/river/st_ws/huiyang_motor_testing/Drivers/BSP/MODBUS-LIB/ModbusAbsoluteEncoder.h:12:13:virtual ModbusAbsoluteEncoder::~ModbusAbsoluteEncoder()	16	static
/home/river/st_ws/huiyang_motor_testing/Drivers/BSP/MODBUS-LIB/Encoder485.h:15:7:Encoder485::~Encoder485()	16	static
/home/river/st_ws/huiyang_motor_testing/Drivers/BSP/MODBUS-LIB/Encoder485.h:15:7:virtual Encoder485::~Encoder485()	16	static
../Core/Src/main.cpp:747:1:void __static_initialization_and_destruction_1()	8	static
../Core/Src/main.cpp:747:1:cpp)	8	static
../Core/Src/main.cpp:747:1:cpp)	8	static
