../Core/Src/main.cpp:86:13:void MPU_Config()	24	static
../Core/Src/main.cpp:139:13:void CPU_CACHE_Enable()	24	static,ignoring_inline_asm
../Core/Src/main.cpp:161:6:void init_file()	8	static
/home/river/st_ws/huiyang_motor_testing/Drivers/BSP/MODBUS-LIB/ModbusAbsoluteEncoder.h:16:10:bool ModbusAbsoluteEncoder::isInitialized() const	16	static
../Core/Src/main.cpp:196:6:void angleUpdateCallback(uint32_t)	16	static
../Core/Src/main.cpp:213:13:void init_key()	32	static
../Core/Src/main.cpp:224:13:void scan_key()	8	static
../Core/Src/main.cpp:252:6:void StartDefaultTask(void*)	72	static
../Core/Src/main.cpp:337:5:int main()	8	static
../Core/Src/main.cpp:429:6:void SystemClock_Config()	120	static
../Core/Src/main.cpp:487:6:void PeriphCommonClock_Config()	200	static
../Core/Src/main.cpp:516:13:void MX_SDMMC1_SD_Init()	4	static
../Core/Src/main.cpp:543:13:void MX_TIM3_Init()	48	static
../Core/Src/main.cpp:591:13:void MX_USART2_UART_Init()	8	static
../Core/Src/main.cpp:639:13:void MX_USART3_UART_Init()	8	static
../Core/Src/main.cpp:687:13:void MX_GPIO_Init()	48	static
../Core/Src/main.cpp:734:6:void StartKeyTask(void*)	24	static
../Core/Src/main.cpp:775:6:void HAL_TIM_PeriodElapsedCallback(TIM_HandleTypeDef*)	16	static
../Core/Src/main.cpp:792:6:void Error_Handler()	4	static
../Core/Src/main.cpp:800:1:void __static_initialization_and_destruction_0()	8	static
/home/river/st_ws/huiyang_motor_testing/Drivers/BSP/MODBUS-LIB/ModbusAbsoluteEncoder.h:12:13:ModbusAbsoluteEncoder::~ModbusAbsoluteEncoder()	16	static
/home/river/st_ws/huiyang_motor_testing/Drivers/BSP/MODBUS-LIB/ModbusAbsoluteEncoder.h:12:13:virtual ModbusAbsoluteEncoder::~ModbusAbsoluteEncoder()	16	static
/home/river/st_ws/huiyang_motor_testing/Drivers/BSP/MODBUS-LIB/Encoder485.h:15:7:Encoder485::~Encoder485()	16	static
/home/river/st_ws/huiyang_motor_testing/Drivers/BSP/MODBUS-LIB/Encoder485.h:15:7:virtual Encoder485::~Encoder485()	16	static
../Core/Src/main.cpp:800:1:void __static_initialization_and_destruction_1()	8	static
../Core/Src/main.cpp:800:1:cpp)	8	static
../Core/Src/main.cpp:800:1:cpp)	8	static
