../Core/Src/stm32h7xx_it.c:89:6:NMI_Handler	4	static
../Core/Src/stm32h7xx_it.c:104:6:HardFault_Handler	4	static
../Core/Src/stm32h7xx_it.c:119:6:MemManage_Handler	4	static
../Core/Src/stm32h7xx_it.c:134:6:BusFault_Handler	4	static
../Core/Src/stm32h7xx_it.c:149:6:UsageFault_Handler	4	static
../Core/Src/stm32h7xx_it.c:164:6:DebugMon_Handler	4	static
../Core/Src/stm32h7xx_it.c:184:6:TIM3_IRQHandler	16	static,ignoring_inline_asm
../Core/Src/stm32h7xx_it.c:220:6:USART2_IRQHandler	8	static
../Core/Src/stm32h7xx_it.c:234:6:USART3_IRQHandler	8	static
../Core/Src/stm32h7xx_it.c:248:6:SDMMC1_IRQHandler	8	static
../Core/Src/stm32h7xx_it.c:262:6:TIM6_DAC_IRQHandler	8	static
